[StaticArray rewrite] var=g mutableArrayVars has=true
[StaticArray rewrite] var=row mutableArrayVars has=true
[StaticArray rewrite] var=g mutableArrayVars has=true
[StaticArray rewrite] var=row mutableArrayVars has=true
[StaticArray rewrite] var=g mutableArrayVars has=true
[StaticArray rewrite] var=row mutableArrayVars has=true
[StaticArray rewrite] var=g mutableArrayVars has=true
[StaticArray rewrite] var=row mutableArrayVars has=true
[StaticArray rewrite] var=g mutableArrayVars has=true
[StaticArray rewrite] var=row mutableArrayVars has=true
[StaticArray rewrite] var=g mutableArrayVars has=true
[StaticArray rewrite] var=row mutableArrayVars has=true
[StaticArray rewrite] var=g mutableArrayVars has=true
[StaticArray rewrite] var=row mutableArrayVars has=true
[StaticArray rewrite] var=g mutableArrayVars has=true
[StaticArray rewrite] var=row mutableArrayVars has=true
[StaticArray rewrite] var=xs mutableArrayVars has=true
[StaticArray rewrite] var=xs mutableArrayVars has=true
[StaticArray rewrite] var=xs mutableArrayVars has=true
[StaticArray rewrite] var=xs mutableArrayVars has=true
[StaticArray rewrite] var=xs mutableArrayVars has=true
[StaticArray rewrite] var=xs mutableArrayVars has=true
[StaticArray rewrite] var=xs mutableArrayVars has=true
[StaticArray rewrite] var=xs mutableArrayVars has=true
[StaticArray rewrite] var=xs mutableArrayVars has=true
[StaticArray rewrite] var=xs mutableArrayVars has=true
[StaticArray rewrite] var=xs mutableArrayVars has=true
[StaticArray rewrite] var=xs mutableArrayVars has=true
[StaticArray rewrite] var=xs mutableArrayVars has=true
[StaticArray rewrite] var=xs mutableArrayVars has=true
[StaticArray rewrite] var=xs mutableArrayVars has=true
[StaticArray rewrite] var=xs mutableArrayVars has=true
[StaticArray rewrite] var=xs mutableArrayVars has=true
[StaticArray rewrite] var=xs mutableArrayVars has=true
[StaticArray rewrite] var=xs mutableArrayVars has=true
[StaticArray rewrite] var=xs mutableArrayVars has=true
[StaticArray rewrite] var=xs mutableArrayVars has=true
[StaticArray rewrite] var=xs mutableArrayVars has=true
[StaticArray rewrite] var=xs mutableArrayVars has=true
[StaticArray rewrite] var=xs mutableArrayVars has=true
[StaticArray rewrite] var=xs mutableArrayVars has=true
[StaticArray rewrite] var=xs mutableArrayVars has=true
[StaticArray rewrite] var=xs mutableArrayVars has=true
[StaticArray rewrite] var=xs mutableArrayVars has=true
[StaticArray rewrite] var=xs mutableArrayVars has=true
[StaticArray rewrite] var=xs mutableArrayVars has=true
[StaticArray rewrite] var=xs mutableArrayVars has=true
[StaticArray rewrite] var=xs mutableArrayVars has=true
[StaticArray rewrite] var=xs mutableArrayVars has=true
[StaticArray rewrite] var=xs mutableArrayVars has=true
[StaticArray rewrite] var=xs mutableArrayVars has=true
[StaticArray rewrite] var=xs mutableArrayVars has=true
[StaticArray rewrite] var=xs mutableArrayVars has=true
[StaticArray rewrite] var=xs mutableArrayVars has=true
[StaticArray rewrite] var=xs mutableArrayVars has=true
[StaticArray rewrite] var=xs mutableArrayVars has=true
[StaticArray rewrite] var=xs mutableArrayVars has=true
[StaticArray rewrite] var=xs mutableArrayVars has=true
[StaticArray rewrite] var=xs mutableArrayVars has=true
[StaticArray rewrite] var=xs mutableArrayVars has=true
[StaticArray rewrite] var=xs mutableArrayVars has=true
[StaticArray rewrite] var=xs mutableArrayVars has=true
[StaticArray rewrite] var=xs mutableArrayVars has=true
[StaticArray rewrite] var=xs mutableArrayVars has=true
[StaticArray rewrite] var=xs mutableArrayVars has=true
[StaticArray rewrite] var=xs mutableArrayVars has=true
[StaticArray rewrite] var=xs mutableArrayVars has=true
[StaticArray rewrite] var=xs mutableArrayVars has=true
[StaticArray rewrite] var=pts mutableArrayVars has=true
[StaticArray rewrite] var=pts mutableArrayVars has=true
[StaticArray rewrite] var=pts mutableArrayVars has=true
[StaticArray rewrite] var=copy mutableArrayVars has=true
[StaticArray rewrite] var=copy mutableArrayVars has=true
[StaticArray rewrite] var=copy mutableArrayVars has=true
[StaticArray rewrite] var=copy mutableArrayVars has=true
[StaticArray rewrite] var=copy mutableArrayVars has=true
[StaticArray rewrite] var=copy mutableArrayVars has=true
[StaticArray rewrite] var=copy mutableArrayVars has=true
[StaticArray rewrite] var=copy mutableArrayVars has=true
[StaticArray rewrite] var=copy mutableArrayVars has=true
[StaticArray rewrite] var=copy mutableArrayVars has=true
[StaticArray rewrite] var=copy mutableArrayVars has=true
[StaticArray rewrite] var=copy mutableArrayVars has=true
[StaticArray rewrite] var=copy mutableArrayVars has=true
[StaticArray rewrite] var=copy mutableArrayVars has=true
[StaticArray rewrite] var=copy mutableArrayVars has=true
[StaticArray rewrite] var=copy mutableArrayVars has=true
[StaticArray rewrite] var=copy mutableArrayVars has=true
[StaticArray rewrite] var=copy mutableArrayVars has=true
[StaticArray rewrite] var=copy mutableArrayVars has=true
[StaticArray rewrite] var=copy mutableArrayVars has=true
[StaticArray rewrite] var=copy mutableArrayVars has=true
[StaticArray rewrite] var=copy mutableArrayVars has=true
[StaticArray rewrite] var=copy mutableArrayVars has=true
[StaticArray rewrite] var=copy mutableArrayVars has=true
[StaticArray rewrite] var=copy mutableArrayVars has=true
[StaticArray rewrite] var=copy mutableArrayVars has=true
[StaticArray rewrite] var=copy mutableArrayVars has=true
[StaticArray rewrite] var=copy mutableArrayVars has=true
[StaticArray rewrite] var=copy mutableArrayVars has=true
[StaticArray rewrite] var=copy mutableArrayVars has=true
[StaticArray rewrite] var=copy mutableArrayVars has=true
[StaticArray rewrite] var=copy mutableArrayVars has=true
[StaticArray rewrite] var=copy mutableArrayVars has=true
[StaticArray rewrite] var=copy mutableArrayVars has=true
[StaticArray rewrite] var=copy mutableArrayVars has=true
[StaticArray rewrite] var=copy mutableArrayVars has=true
[StaticArray rewrite] var=copy mutableArrayVars has=true
[StaticArray rewrite] var=copy mutableArrayVars has=true
[StaticArray rewrite] var=copy mutableArrayVars has=true
[StaticArray rewrite] var=copy mutableArrayVars has=true
[StaticArray rewrite] var=copy mutableArrayVars has=true
[StaticArray rewrite] var=copy mutableArrayVars has=true
[StaticArray rewrite] var=copy mutableArrayVars has=true
[StaticArray rewrite] var=copy mutableArrayVars has=true
[StaticArray rewrite] var=copy mutableArrayVars has=true
[StaticArray rewrite] var=copy mutableArrayVars has=true
[StaticArray rewrite] var=copy mutableArrayVars has=true
[StaticArray rewrite] var=copy mutableArrayVars has=true
[StaticArray rewrite] var=copy mutableArrayVars has=true
[StaticArray rewrite] var=copy mutableArrayVars has=true
[StaticArray rewrite] var=copy mutableArrayVars has=true
[StaticArray rewrite] var=copy mutableArrayVars has=true
[StaticArray rewrite] var=copy mutableArrayVars has=true
[StaticArray rewrite] var=copy mutableArrayVars has=true
[StaticArray rewrite] var=copy mutableArrayVars has=true
[StaticArray rewrite] var=copy mutableArrayVars has=true
[StaticArray rewrite] var=acc mutableArrayVars has=true
[StaticArray rewrite] var=snapshot mutableArrayVars has=true
[StaticArray rewrite] var=acc mutableArrayVars has=true
[StaticArray rewrite] var=snapshot mutableArrayVars has=true
[StaticArray rewrite] var=acc mutableArrayVars has=true
[StaticArray rewrite] var=snapshot mutableArrayVars has=true
[StaticArray rewrite] var=out mutableArrayVars has=true
[StaticArray rewrite] var=out mutableArrayVars has=true
[StaticArray rewrite] var=out mutableArrayVars has=true
[StaticArray rewrite] var=out mutableArrayVars has=true
[StaticArray rewrite] var=out mutableArrayVars has=true
[StaticArray rewrite] var=out mutableArrayVars has=true
[StaticArray rewrite] var=out mutableArrayVars has=true
[StaticArray rewrite] var=out mutableArrayVars has=true
[StaticArray rewrite] var=out mutableArrayVars has=true
[StaticArray rewrite] var=out mutableArrayVars has=true
[StaticArray rewrite] var=out mutableArrayVars has=true
[StaticArray rewrite] var=out mutableArrayVars has=true
[StaticArray rewrite] var=arr mutableArrayVars has=true
[StaticArray rewrite] var=arr mutableArrayVars has=true
[StaticArray rewrite] var=arr mutableArrayVars has=true
[StaticArray rewrite] var=items mutableArrayVars has=true
[StaticArray rewrite] var=arr mutableArrayVars has=true
[StaticArray rewrite] var=copy mutableArrayVars has=true
[StaticArray rewrite] var=items mutableArrayVars has=true
[StaticArray rewrite] var=data mutableArrayVars has=true
[StaticArray rewrite] var=items mutableArrayVars has=true
[StaticArray rewrite] var=items mutableArrayVars has=true
[StaticArray rewrite] var=arr mutableArrayVars has=true
[StaticArray rewrite] var=arr mutableArrayVars has=true
[StaticArray rewrite] var=arr mutableArrayVars has=true
[StaticArray rewrite] var=arr mutableArrayVars has=true
[StaticArray rewrite] var=items mutableArrayVars has=true
[StaticArray rewrite] var=data mutableArrayVars has=true
[StaticArray rewrite] var=items mutableArrayVars has=true
[StaticArray rewrite] var=copy mutableArrayVars has=true
[StaticArray rewrite] var=arr mutableArrayVars has=true
[StaticArray rewrite] var=arr mutableArrayVars has=true
[StaticArray rewrite] var=arr mutableArrayVars has=true
[StaticArray rewrite] var=items mutableArrayVars has=true
[StaticArray rewrite] var=arr mutableArrayVars has=true
[StaticArray rewrite] var=items mutableArrayVars has=true
[StaticArray rewrite] var=data mutableArrayVars has=true
[StaticArray rewrite] var=items mutableArrayVars has=true
[StaticArray rewrite] var=copy mutableArrayVars has=true
[StaticArray rewrite] var=out mutableArrayVars has=true
[StaticArray rewrite] var=out mutableArrayVars has=true
[StaticArray rewrite] var=out mutableArrayVars has=true
[StaticArray rewrite] var=out mutableArrayVars has=true
[StaticArray rewrite] var=out mutableArrayVars has=true
[StaticArray rewrite] var=out mutableArrayVars has=true
[StaticArray rewrite] var=items mutableArrayVars has=true
[StaticArray rewrite] var=arr mutableArrayVars has=true
[StaticArray rewrite] var=arr mutableArrayVars has=true
[StaticArray rewrite] var=arr mutableArrayVars has=true
[StaticArray rewrite] var=arr mutableArrayVars has=true
[StaticArray rewrite] var=items mutableArrayVars has=true
[StaticArray rewrite] var=data mutableArrayVars has=true
[StaticArray rewrite] var=items mutableArrayVars has=true
[StaticArray rewrite] var=copy mutableArrayVars has=true
[StaticArray rewrite] var=arr mutableArrayVars has=true
[StaticArray rewrite] var=arr mutableArrayVars has=true
[StaticArray rewrite] var=arr mutableArrayVars has=true
[StaticArray rewrite] var=arr mutableArrayVars has=true
[StaticArray rewrite] var=items mutableArrayVars has=true
[StaticArray rewrite] var=items mutableArrayVars has=true
[StaticArray rewrite] var=data mutableArrayVars has=true
[StaticArray rewrite] var=items mutableArrayVars has=true
[StaticArray rewrite] var=copy mutableArrayVars has=true
[StaticArray rewrite] var=out mutableArrayVars has=true
[StaticArray rewrite] var=out mutableArrayVars has=true
[StaticArray rewrite] var=out mutableArrayVars has=true
[StaticArray rewrite] var=arr mutableArrayVars has=true
[StaticArray rewrite] var=arr mutableArrayVars has=true
[StaticArray rewrite] var=arr mutableArrayVars has=true
[StaticArray rewrite] var=items mutableArrayVars has=true
[StaticArray rewrite] var=arr mutableArrayVars has=true
[StaticArray rewrite] var=items mutableArrayVars has=true
[StaticArray rewrite] var=data mutableArrayVars has=true
[StaticArray rewrite] var=items mutableArrayVars has=true
[StaticArray rewrite] var=copy mutableArrayVars has=true
[StaticArray rewrite] var=arr mutableArrayVars has=true
[StaticArray rewrite] var=arr mutableArrayVars has=true
[StaticArray rewrite] var=arr mutableArrayVars has=true
[StaticArray rewrite] var=arr mutableArrayVars has=true
[StaticArray rewrite] var=arr mutableArrayVars has=true
[StaticArray rewrite] var=arr mutableArrayVars has=true
[StaticArray rewrite] var=arr mutableArrayVars has=true
[StaticArray rewrite] var=arr mutableArrayVars has=true
[StaticArray rewrite] var=arr mutableArrayVars has=true
[StaticArray rewrite] var=vals mutableArrayVars has=true
[StaticArray rewrite] var=copy mutableArrayVars has=true
[StaticArray rewrite] var=copy mutableArrayVars has=true
[StaticArray rewrite] var=arr mutableArrayVars has=true
[StaticArray rewrite] var=arr mutableArrayVars has=true
[StaticArray rewrite] var=arr mutableArrayVars has=true
[StaticArray rewrite] var=items mutableArrayVars has=true
[StaticArray rewrite] var=arr mutableArrayVars has=true
[StaticArray rewrite] var=copy mutableArrayVars has=true
[StaticArray rewrite] var=items mutableArrayVars has=true
[StaticArray rewrite] var=data mutableArrayVars has=true
[StaticArray rewrite] var=items mutableArrayVars has=true
[StaticArray rewrite] var=arr mutableArrayVars has=true
[StaticArray rewrite] var=arr mutableArrayVars has=true
[StaticArray rewrite] var=arr mutableArrayVars has=true
[StaticArray rewrite] var=arr mutableArrayVars has=true
[StaticArray rewrite] var=arr mutableArrayVars has=true
[StaticArray rewrite] var=arr mutableArrayVars has=true
[StaticArray rewrite] var=arr mutableArrayVars has=true
[StaticArray rewrite] var=arr mutableArrayVars has=true
[StaticArray rewrite] var=arr mutableArrayVars has=true
[StaticArray rewrite] var=vals mutableArrayVars has=true
[StaticArray rewrite] var=arr mutableArrayVars has=true
[StaticArray rewrite] var=arr mutableArrayVars has=true
[StaticArray rewrite] var=arr mutableArrayVars has=true
[StaticArray rewrite] var=arr mutableArrayVars has=true
[StaticArray rewrite] var=arr mutableArrayVars has=true
[StaticArray rewrite] var=arr mutableArrayVars has=true
[StaticArray rewrite] var=arr mutableArrayVars has=true
[StaticArray rewrite] var=arr mutableArrayVars has=true
[StaticArray rewrite] var=arr mutableArrayVars has=true
[StaticArray rewrite] var=vals mutableArrayVars has=true
[StaticArray rewrite] var=arr mutableArrayVars has=true
[StaticArray rewrite] var=arr mutableArrayVars has=true
[StaticArray rewrite] var=arr mutableArrayVars has=true
[StaticArray rewrite] var=arr mutableArrayVars has=true
[StaticArray rewrite] var=items mutableArrayVars has=true
[StaticArray rewrite] var=items mutableArrayVars has=true
[StaticArray rewrite] var=data mutableArrayVars has=true
[StaticArray rewrite] var=items mutableArrayVars has=true
[StaticArray rewrite] var=copy mutableArrayVars has=true
[StaticArray rewrite] var=arr mutableArrayVars has=true
[StaticArray rewrite] var=arr mutableArrayVars has=true
[StaticArray rewrite] var=arr mutableArrayVars has=true
[StaticArray rewrite] var=items mutableArrayVars has=true
[StaticArray rewrite] var=arr mutableArrayVars has=true
[StaticArray rewrite] var=items mutableArrayVars has=true
[StaticArray rewrite] var=data mutableArrayVars has=true
[StaticArray rewrite] var=items mutableArrayVars has=true
[StaticArray rewrite] var=copy mutableArrayVars has=true
[StaticArray rewrite] var=arr mutableArrayVars has=true
[StaticArray rewrite] var=arr mutableArrayVars has=true
[StaticArray rewrite] var=arr mutableArrayVars has=true
[StaticArray rewrite] var=items mutableArrayVars has=true
[StaticArray rewrite] var=arr mutableArrayVars has=true
[StaticArray rewrite] var=items mutableArrayVars has=true
[StaticArray rewrite] var=data mutableArrayVars has=true
[StaticArray rewrite] var=items mutableArrayVars has=true
[StaticArray rewrite] var=copy mutableArrayVars has=true
[StaticArray rewrite] var=arr mutableArrayVars has=true
[StaticArray rewrite] var=arr mutableArrayVars has=true
[StaticArray rewrite] var=arr mutableArrayVars has=true
[StaticArray rewrite] var=items mutableArrayVars has=true
[StaticArray rewrite] var=arr mutableArrayVars has=true
[StaticArray rewrite] var=items mutableArrayVars has=true
[StaticArray rewrite] var=data mutableArrayVars has=true
[StaticArray rewrite] var=items mutableArrayVars has=true
[StaticArray rewrite] var=copy mutableArrayVars has=true
[StaticArray rewrite] var=arr mutableArrayVars has=true
[StaticArray rewrite] var=arr mutableArrayVars has=true
[StaticArray rewrite] var=arr mutableArrayVars has=true
[StaticArray rewrite] var=items mutableArrayVars has=true
[StaticArray rewrite] var=arr mutableArrayVars has=true
[StaticArray rewrite] var=items mutableArrayVars has=true
[StaticArray rewrite] var=data mutableArrayVars has=true
[StaticArray rewrite] var=items mutableArrayVars has=true
[StaticArray rewrite] var=copy mutableArrayVars has=true
[StaticArray rewrite] var=arr mutableArrayVars has=true
[StaticArray rewrite] var=arr mutableArrayVars has=true
[StaticArray rewrite] var=arr mutableArrayVars has=true
[StaticArray rewrite] var=arr mutableArrayVars has=true
[StaticArray rewrite] var=items mutableArrayVars has=true
[StaticArray rewrite] var=items mutableArrayVars has=true
[StaticArray rewrite] var=data mutableArrayVars has=true
[StaticArray rewrite] var=copy mutableArrayVars has=true
[StaticArray rewrite] var=items mutableArrayVars has=true
[StaticArray rewrite] var=items mutableArrayVars has=true
[StaticArray rewrite] var=data mutableArrayVars has=true
[StaticArray rewrite] var=items mutableArrayVars has=true
[StaticArray rewrite] var=arr mutableArrayVars has=true
[StaticArray rewrite] var=arr mutableArrayVars has=true
[StaticArray rewrite] var=arr mutableArrayVars has=true
[StaticArray rewrite] var=arr mutableArrayVars has=true
[StaticArray rewrite] var=copy mutableArrayVars has=true
[StaticArray rewrite] var=items mutableArrayVars has=true
[StaticArray rewrite] var=arr mutableArrayVars has=true
[StaticArray rewrite] var=arr mutableArrayVars has=true
[StaticArray rewrite] var=arr mutableArrayVars has=true
[StaticArray rewrite] var=items mutableArrayVars has=true
[StaticArray rewrite] var=arr mutableArrayVars has=true
[StaticArray rewrite] var=items mutableArrayVars has=true
[StaticArray rewrite] var=data mutableArrayVars has=true
[StaticArray rewrite] var=items mutableArrayVars has=true
[StaticArray rewrite] var=copy mutableArrayVars has=true
[StaticArray rewrite] var=copy mutableArrayVars has=true
[StaticArray rewrite] var=arr mutableArrayVars has=true
[StaticArray rewrite] var=arr mutableArrayVars has=true
[StaticArray rewrite] var=arr mutableArrayVars has=true
[StaticArray rewrite] var=arr mutableArrayVars has=true
[StaticArray rewrite] var=arr mutableArrayVars has=true
[StaticArray rewrite] var=arr mutableArrayVars has=true
[StaticArray rewrite] var=arr mutableArrayVars has=true
[StaticArray rewrite] var=arr mutableArrayVars has=true
[StaticArray rewrite] var=arr mutableArrayVars has=true
[StaticArray rewrite] var=arr mutableArrayVars has=true
[StaticArray rewrite] var=vals mutableArrayVars has=true
[StaticArray rewrite] var=arr mutableArrayVars has=true
[StaticArray rewrite] var=arr mutableArrayVars has=true
[StaticArray rewrite] var=arr mutableArrayVars has=true
[StaticArray rewrite] var=items mutableArrayVars has=true
[StaticArray rewrite] var=arr mutableArrayVars has=true
[StaticArray rewrite] var=items mutableArrayVars has=true
[StaticArray rewrite] var=data mutableArrayVars has=true
[StaticArray rewrite] var=items mutableArrayVars has=true
[StaticArray rewrite] var=copy mutableArrayVars has=true
[StaticArray rewrite] var=items mutableArrayVars has=true
[StaticArray rewrite] var=arr mutableArrayVars has=true
[StaticArray rewrite] var=arr mutableArrayVars has=true
[StaticArray rewrite] var=arr mutableArrayVars has=true
[StaticArray rewrite] var=arr mutableArrayVars has=true
[StaticArray rewrite] var=items mutableArrayVars has=true
[StaticArray rewrite] var=data mutableArrayVars has=true
[StaticArray rewrite] var=items mutableArrayVars has=true
[StaticArray rewrite] var=copy mutableArrayVars has=true
[StaticArray rewrite] var=arr mutableArrayVars has=true
[StaticArray rewrite] var=arr mutableArrayVars has=true
[StaticArray rewrite] var=arr mutableArrayVars has=true
[StaticArray rewrite] var=items mutableArrayVars has=true
[StaticArray rewrite] var=arr mutableArrayVars has=true
[StaticArray rewrite] var=items mutableArrayVars has=true
[StaticArray rewrite] var=data mutableArrayVars has=true
[StaticArray rewrite] var=items mutableArrayVars has=true
[StaticArray rewrite] var=copy mutableArrayVars has=true
[StaticArray rewrite] var=items mutableArrayVars has=true
[StaticArray rewrite] var=arr mutableArrayVars has=true
[StaticArray rewrite] var=arr mutableArrayVars has=true
[StaticArray rewrite] var=arr mutableArrayVars has=true
[StaticArray rewrite] var=arr mutableArrayVars has=true
[StaticArray rewrite] var=items mutableArrayVars has=true
[StaticArray rewrite] var=data mutableArrayVars has=true
[StaticArray rewrite] var=items mutableArrayVars has=true
[StaticArray rewrite] var=copy mutableArrayVars has=true
[StaticArray rewrite] var=arr mutableArrayVars has=true
[StaticArray rewrite] var=arr mutableArrayVars has=true
[StaticArray rewrite] var=arr mutableArrayVars has=true
[StaticArray rewrite] var=arr mutableArrayVars has=true
[StaticArray rewrite] var=items mutableArrayVars has=true
[StaticArray rewrite] var=arr mutableArrayVars has=true
[StaticArray rewrite] var=items mutableArrayVars has=true
[StaticArray rewrite] var=data mutableArrayVars has=true
[StaticArray rewrite] var=items mutableArrayVars has=true
[StaticArray rewrite] var=copy mutableArrayVars has=true
[StaticArray rewrite] var=arr mutableArrayVars has=true
[StaticArray rewrite] var=arr mutableArrayVars has=true
[StaticArray rewrite] var=arr mutableArrayVars has=true
[StaticArray rewrite] var=items mutableArrayVars has=true
[StaticArray rewrite] var=arr mutableArrayVars has=true
[StaticArray rewrite] var=items mutableArrayVars has=true
[StaticArray rewrite] var=data mutableArrayVars has=true
[StaticArray rewrite] var=items mutableArrayVars has=true
[StaticArray rewrite] var=copy mutableArrayVars has=true
[StaticArray rewrite] var=items mutableArrayVars has=true
[StaticArray rewrite] var=arr mutableArrayVars has=true
[StaticArray rewrite] var=arr mutableArrayVars has=true
[StaticArray rewrite] var=arr mutableArrayVars has=true
[StaticArray rewrite] var=arr mutableArrayVars has=true
[StaticArray rewrite] var=copy mutableArrayVars has=true
[StaticArray rewrite] var=items mutableArrayVars has=true
[StaticArray rewrite] var=data mutableArrayVars has=true
[StaticArray rewrite] var=items mutableArrayVars has=true
